// Jest Snapshot v1, https://goo.gl/fbAQLP

exports[`codegen interpolation 1`] = `
"const { displayString:_displayString } = Vue
return function render(_ctx,_cache){ return message}"
`;
